// Vitest Snapshot v1, https://vitest.dev/guide/snapshot.html

exports[`VolumeControls Component > matches snapshot with default volume 1`] = `
<DocumentFragment>
  <div
    class="flex items-center gap-3 w-full"
  >
    <button
      class="text-gray-800 dark:text-white hover:text-blue-400 dark:hover:text-red-400"
    >
      <svg
        aria-hidden="true"
        class="lucide lucide-volume2 lucide-volume-2"
        fill="none"
        height="24"
        stroke="currentColor"
        stroke-linecap="round"
        stroke-linejoin="round"
        stroke-width="2"
        viewBox="0 0 24 24"
        width="24"
        xmlns="http://www.w3.org/2000/svg"
      >
        <path
          d="M11 4.702a.705.705 0 0 0-1.203-.498L6.413 7.587A1.4 1.4 0 0 1 5.416 8H3a1 1 0 0 0-1 1v6a1 1 0 0 0 1 1h2.416a1.4 1.4 0 0 1 .997.413l3.383 3.384A.705.705 0 0 0 11 19.298z"
        />
        <path
          d="M16 9a5 5 0 0 1 0 6"
        />
        <path
          d="M19.364 18.364a9 9 0 0 0 0-12.728"
        />
      </svg>
    </button>
    <div
      class="relative flex-grow"
    >
      <div
        class="absolute -top-3 left-1/2 -translate-x-1/2 text-sm font-semibold px-1 rounded-md transition-all opacity-0 bg-stone-950 text-white accent-stone-950"
        style="left: 50%; transform: translate(-50%, 0);"
      >
        50%
      </div>
      <input
        class="h-1 rounded-lg cursor-pointer transition-all bg-stone-950 text-white accent-stone-950 w-full"
        max="100"
        min="0"
        type="range"
        value="50"
      />
    </div>
    <div
      class="relative"
    >
      <button
        class="text-gray-800 dark:text-white hover:text-blue-400 dark:hover:text-red-400"
      >
        <span
          class="material-symbols-outlined text-2xl"
        >
          lyrics
        </span>
      </button>
    </div>
  </div>
</DocumentFragment>
`;
